<html>
<body>
<pre>
<h1>µVision Build Log</h1>
<h2>Tool Versions:</h2>
IDE-Version: ¦ÌVision V5.23.0.0
Copyright (C) 2017 ARM Ltd and ARM Germany GmbH. All rights reserved.
License Information: zhang zhang, electricalqzhang, LIC=0VRAR-KXLX9-BV51G-VD819-97MGN-37RA6
 
Tool Versions:
Toolchain:       MDK-ARM Professional  Version: 5.23
Toolchain Path:  F:\keil_5_25\loaded\ARM\ARMCC\Bin
C Compiler:      Armcc.exe V5.06 update 4 (build 422)
Assembler:       Armasm.exe V5.06 update 4 (build 422)
Linker/Locator:  ArmLink.exe V5.06 update 4 (build 422)
Library Manager: ArmAr.exe V5.06 update 4 (build 422)
Hex Converter:   FromElf.exe V5.06 update 4 (build 422)
CPU DLL:         SARMCM3.DLL V5.23
Dialog DLL:      DCM.DLL V1.15.0.0
Target DLL:      Segger\JL2CM3.dll V2.99.23.0
Dialog DLL:      TCM.DLL V1.27.0.0
 
<h2>Project:</h2>
D:\Github\document\PhotovoltaicSystem\PRJ\PhotovoltaicSystem.uvprojx
Project File Date:  12/04/2018

<h2>Output:</h2>
*** Using Compiler 'V5.06 update 4 (build 422)', folder: 'F:\keil_5_25\loaded\ARM\ARMCC\Bin'
Rebuild target 'PhotovoltaicSystem'
compiling stm32f4xx_it.c...
compiling main.c...
compiling game.c...
compiling lcd.c...
compiling hmi_uart.c...
compiling touch.c...
compiling iwdg.c...
compiling key.c...
compiling spi.c...
compiling timer.c...
compiling w25qxx.c...
compiling led.c...
compiling GY39uart.c...
compiling sdio_sdcard.c...
compiling adc.c...
compiling pwmLed.c...
compiling delay.c...
compiling sys.c...
compiling misc.c...
compiling uart.c...
compiling stm32f4xx_exti.c...
compiling stm32f4xx_fsmc.c...
compiling stm32f4xx_gpio.c...
compiling stm32f4xx_iwdg.c...
compiling stm32f4xx_spi.c...
compiling stm32f4xx_rcc.c...
compiling stm32f4xx_syscfg.c...
compiling stm32f4xx_tim.c...
compiling stm32f4xx_usart.c...
compiling stm32f4xx_dma.c...
compiling stm32f4xx_sdio.c...
compiling stm32f4xx_adc.c...
assembling startup_stm32f40_41xxx.s...
compiling system_stm32f4xx.c...
compiling malloc.c...
compiling exfuns.c...
compiling fattester.c...
compiling ff.c...
compiling cc936.c...
compiling diskio.c...
linking...
Program Size: Code=29512 RO-data=181904 RW-data=144 ZI-data=1225296  
".\Objects\PhotovoltaicSystem.axf" - 0 Error(s), 0 Warning(s).

<h2>Collection of Component include folders:</h2>
  .\RTE\_PhotovoltaicSystem
  F:\keil_5_25\loaded\ARM\PACK\Keil\STM32F4xx_DFP\2.13.0\Drivers\CMSIS\Device\ST\STM32F4xx\Include

<h2>Collection of Component Files used:</h2>
Build Time Elapsed:  00:01:03
</pre>
</body>
</html>
